15 1 24 19 0 7 25 0 0 0 256 12 15 -1 0 0 11 22 15 -1 0 10 23 15 -1 15 0 21 -1