24 19 1 5 25 15 1 13 0 1 1 0 0 12 15 -1 16 68 13 0 1 1 11 0 2 5 0 0 6 17 42 13 0 1 1 11 0 2 4 22 16 54 13 0 1 1 11 0 2 1 0 2 4 22 15 -1 13 0 1 1 9 11 0 1 1 12 15 -1 13 0 1 1 11 13 0 0 1 11 7 18 18 0 10 23 15 -1 15 -1 21 0