24 19 1 5 25 13 0 0 1 0 512 12 15 -1 13 0 0 1 11 22 15 -1 0 10 23 15 -1 15 0 21 0