24 19 1 5 25 13 0 0 1 11 0 3 5 0 0 6 17 23 0 0 22 15 -1 13 0 0 1 11 0 3 5 0 1 6 17 41 0 1 22 15 -1 13 0 0 1 11 0 3 5 0 2 6 17 59 0 2 22 15 -1 0 10 23 15 -1 15 0 21 0